// Jest Snapshot v1, https://goo.gl/fbAQLP

exports[`should work with minimal props 1`] = `
<DocumentFragment>
  <input
    placeholder="Value"
    type="text"
    value="1.23"
  />
</DocumentFragment>
`;
